[2025-11-19 17:42:35] ADD | Item ID: 131 | Coffee
[2025-11-19 17:42:41] EXPIRED | Item ID: 131 | Coffee
[2025-11-19 17:42:41] EXPIRED | Item ID: 105 | Yogurt
[2025-11-19 17:54:08] ADD | Item ID: 121 | Maggie
[2025-11-19 18:03:18] DONATE | Item ID: 101 | Milk
[2025-11-19 18:16:25] DONATE | Item ID: 101 | Milk
[2025-11-19 18:28:01] AUTO_DONATE | Item ID: 101 | Milk
[2025-11-19 18:28:01] AUTO_DONATE | Item ID: 111 | Tomato
[2025-11-19 18:28:02] AUTO_DONATE | Item ID: 115 | Chicken
[2025-11-19 18:28:02] AUTO_DONATE | Item ID: 116 | Fish
[2025-11-19 18:32:11] AUTO_DONATE | Item ID: 101 | Milk
[2025-11-19 18:32:11] AUTO_DONATE | Item ID: 111 | Tomato
[2025-11-19 18:32:11] AUTO_DONATE | Item ID: 115 | Chicken
[2025-11-19 18:32:11] AUTO_DONATE | Item ID: 116 | Fish
[2025-11-19 18:48:39] AUTO_DONATE | Item ID: 101 | Milk
[2025-11-19 18:48:40] AUTO_DONATE | Item ID: 111 | Tomato
[2025-11-19 18:48:40] AUTO_DONATE | Item ID: 115 | Chicken
[2025-11-19 18:48:40] AUTO_DONATE | Item ID: 116 | Fish
[2025-11-19 18:49:16] ADD | Item ID: 121 | Maggie
[2025-11-27 16:24:11] ADD | Item ID: 121 | Maggie 
[2025-11-27 16:24:33] DELETE | Item ID: 121 | Maggie 
[2025-11-27 16:24:50] EXPIRED | Item ID: 101 | Milk
[2025-11-27 16:24:50] EXPIRED | Item ID: 102 | Bread
[2025-11-27 16:24:51] EXPIRED | Item ID: 111 | Tomato
[2025-11-27 16:24:52] EXPIRED | Item ID: 115 | Chicken
[2025-11-27 16:24:53] EXPIRED | Item ID: 116 | Fish
